<?xml version="1.0" encoding="UTF-8" ?><emitstatus status="0" source="agent_Queue IN" ism="8.0.3"><protocol>internal</protocol><parms><parm name="nopreemit">true</parm><parm name="priority">4</parm><parm name="puttimeout">3000</parm><parm name="queue">IN</parm><parm name="replytoreqns">*</parm><parm name="respns"/><parm name="returnresponse">status</parm><parm name="timeout">0</parm><parm name="trans">true</parm><parm name="wanteos">false</parm><parm name="wantuser">true</parm></parms><timestamp>2021-01-05T17:15:45.185Z</timestamp><status>0</status><msg>posted</msg><channel>file:inlet.1:listener.1</channel><nodename>agent_Queue IN</nodename></emitstatus>